Archive member included to satisfy reference by file (symbol)

..\ARL\debug\obj\ARL.a(wiring_digital.c.o)
                              .\debug\obj/blink_arduino.cpp.o (pinMode)
..\ARL\debug\obj\ARL.a(wiring.c.o)
                              .\debug\obj/blink_arduino.cpp.o (delay)
..\ARL\debug\obj\ARL.a(main.cpp.o)
                              E:/Tools/toolchain/avr8-gnu-toolchain/avr-gcc-13.2.0-x64-windows/bin/../lib/gcc/avr/13.2.0/../../../../avr/lib/avr6/crtatmega2560.o (main)
..\ARL\debug\obj\ARL.a(hooks.c.o)
                              ..\ARL\debug\obj\ARL.a(wiring.c.o) (yield)
E:/Tools/toolchain/avr8-gnu-toolchain/avr-gcc-13.2.0-x64-windows/bin/../lib/gcc/avr/13.2.0/avr6\libgcc.a(_exit.o)
                              E:/Tools/toolchain/avr8-gnu-toolchain/avr-gcc-13.2.0-x64-windows/bin/../lib/gcc/avr/13.2.0/../../../../avr/lib/avr6/crtatmega2560.o (exit)
E:/Tools/toolchain/avr8-gnu-toolchain/avr-gcc-13.2.0-x64-windows/bin/../lib/gcc/avr/13.2.0/avr6\libgcc.a(_tablejump2.o)
                              ..\ARL\debug\obj\ARL.a(wiring_digital.c.o) (__tablejump2__)
E:/Tools/toolchain/avr8-gnu-toolchain/avr-gcc-13.2.0-x64-windows/bin/../lib/gcc/avr/13.2.0/avr6\libgcc.a(_clear_bss.o)
                              ..\ARL\debug\obj\ARL.a(wiring.c.o) (__do_clear_bss)

There are no discarded input sections

Memory Configuration

Name             Origin             Length             Attributes
text             0x00000000         0x00100000         xr
data             0x00800200         0x0000fe00         rw!x
eeprom           0x00810000         0x00010000         rw!x
fuse             0x00820000         0x00000003         rw!x
lock             0x00830000         0x00000400         rw!x
signature        0x00840000         0x00000400         rw!x
user_signatures  0x00850000         0x00000400         rw!x
*default*        0x00000000         0xffffffff

Linker script and memory map

Address of section .data set to 0x800200
LOAD E:/Tools/toolchain/avr8-gnu-toolchain/avr-gcc-13.2.0-x64-windows/bin/../lib/gcc/avr/13.2.0/../../../../avr/lib/avr6/crtatmega2560.o
LOAD .\debug\obj/blink_arduino.cpp.o
LOAD ..\ARL\debug\obj\ARL.a
START GROUP
LOAD E:/Tools/toolchain/avr8-gnu-toolchain/avr-gcc-13.2.0-x64-windows/bin/../lib/gcc/avr/13.2.0/avr6\libgcc.a
LOAD E:/Tools/toolchain/avr8-gnu-toolchain/avr-gcc-13.2.0-x64-windows/bin/../lib/gcc/avr/13.2.0/../../../../avr/lib/avr6\libm.a
LOAD E:/Tools/toolchain/avr8-gnu-toolchain/avr-gcc-13.2.0-x64-windows/bin/../lib/gcc/avr/13.2.0/../../../../avr/lib/avr6\libc.a
LOAD E:/Tools/toolchain/avr8-gnu-toolchain/avr-gcc-13.2.0-x64-windows/bin/../lib/gcc/avr/13.2.0/../../../../avr/lib/avr6\libatmega2560.a
END GROUP
                0x00100000                        __TEXT_REGION_LENGTH__ = DEFINED (__TEXT_REGION_LENGTH__)?__TEXT_REGION_LENGTH__:0x100000
                0x00800200                        __DATA_REGION_ORIGIN__ = DEFINED (__DATA_REGION_ORIGIN__)?__DATA_REGION_ORIGIN__:0x800200
                0x0000fe00                        __DATA_REGION_LENGTH__ = DEFINED (__DATA_REGION_LENGTH__)?__DATA_REGION_LENGTH__:0xfe00
                0x00010000                        __EEPROM_REGION_LENGTH__ = DEFINED (__EEPROM_REGION_LENGTH__)?__EEPROM_REGION_LENGTH__:0x10000
                [0x00000003]                      __FUSE_REGION_LENGTH__ = DEFINED (__FUSE_REGION_LENGTH__)?__FUSE_REGION_LENGTH__:0x400
                0x00000400                        __LOCK_REGION_LENGTH__ = DEFINED (__LOCK_REGION_LENGTH__)?__LOCK_REGION_LENGTH__:0x400
                0x00000400                        __SIGNATURE_REGION_LENGTH__ = DEFINED (__SIGNATURE_REGION_LENGTH__)?__SIGNATURE_REGION_LENGTH__:0x400
                0x00000400                        __USER_SIGNATURE_REGION_LENGTH__ = DEFINED (__USER_SIGNATURE_REGION_LENGTH__)?__USER_SIGNATURE_REGION_LENGTH__:0x400

.hash
 *(.hash)

.dynsym
 *(.dynsym)

.dynstr
 *(.dynstr)

.gnu.version
 *(.gnu.version)

.gnu.version_d
 *(.gnu.version_d)

.gnu.version_r
 *(.gnu.version_r)

.rel.init
 *(.rel.init)

.rela.init
 *(.rela.init)

.rel.text
 *(.rel.text)
 *(.rel.text.*)
 *(.rel.gnu.linkonce.t*)

.rela.text
 *(.rela.text)
 *(.rela.text.*)
 *(.rela.gnu.linkonce.t*)

.rel.fini
 *(.rel.fini)

.rela.fini
 *(.rela.fini)

.rel.rodata
 *(.rel.rodata)
 *(.rel.rodata.*)
 *(.rel.gnu.linkonce.r*)

.rela.rodata
 *(.rela.rodata)
 *(.rela.rodata.*)
 *(.rela.gnu.linkonce.r*)

.rel.data
 *(.rel.data)
 *(.rel.data.*)
 *(.rel.gnu.linkonce.d*)

.rela.data
 *(.rela.data)
 *(.rela.data.*)
 *(.rela.gnu.linkonce.d*)

.rel.ctors
 *(.rel.ctors)

.rela.ctors
 *(.rela.ctors)

.rel.dtors
 *(.rel.dtors)

.rela.dtors
 *(.rela.dtors)

.rel.got
 *(.rel.got)

.rela.got
 *(.rela.got)

.rel.bss
 *(.rel.bss)

.rela.bss
 *(.rela.bss)

.rel.plt
 *(.rel.plt)

.rela.plt
 *(.rela.plt)

.text           0x00000000      0x710
 *(.vectors)
 .vectors       0x00000000       0xe4 E:/Tools/toolchain/avr8-gnu-toolchain/avr-gcc-13.2.0-x64-windows/bin/../lib/gcc/avr/13.2.0/../../../../avr/lib/avr6/crtatmega2560.o
                0x00000000                __vector_default
                0x00000000                __vectors
 *(.vectors)
 *(.progmem.gcc*)
                0x000000e4                        . = ALIGN (0x2)
                0x000000e4                        __trampolines_start = .
 *(.trampolines)
 .trampolines   0x000000e4       0x44 linker stubs
 *(.trampolines*)
                0x00000128                        __trampolines_end = .
 *libprintf_flt.a:*(.progmem.data)
 *libc.a:*(.progmem.data)
 *(.progmem.*)
 .progmem.data  0x00000128      0x120 ..\ARL\debug\obj\ARL.a(wiring_digital.c.o)
                0x00000128                digital_pin_to_timer_PGM
                0x0000016e                digital_pin_to_bit_mask_PGM
                0x000001b4                digital_pin_to_port_PGM
                0x000001fa                port_to_input_PGM
                0x00000214                port_to_output_PGM
                0x0000022e                port_to_mode_PGM
                0x00000248                        . = ALIGN (0x2)
 *(.lowtext)
 *(.lowtext*)
                0x00000248                        __ctors_start = .
 *(.ctors)
                0x00000248                        __ctors_end = .
                0x00000248                        __dtors_start = .
 *(.dtors)
                0x00000248                        __dtors_end = .
 SORT_BY_NAME(*)(.ctors)
 SORT_BY_NAME(*)(.dtors)
 *(.init0)
 .init0         0x00000248        0x0 E:/Tools/toolchain/avr8-gnu-toolchain/avr-gcc-13.2.0-x64-windows/bin/../lib/gcc/avr/13.2.0/../../../../avr/lib/avr6/crtatmega2560.o
                0x00000248                __init
 *(.init0)
 *(.init1)
 *(.init1)
 *(.init2)
 .init2         0x00000248       0x10 E:/Tools/toolchain/avr8-gnu-toolchain/avr-gcc-13.2.0-x64-windows/bin/../lib/gcc/avr/13.2.0/../../../../avr/lib/avr6/crtatmega2560.o
 *(.init2)
 *(.init3)
 *(.init3)
 *(.init4)
 .init4         0x00000258       0x10 E:/Tools/toolchain/avr8-gnu-toolchain/avr-gcc-13.2.0-x64-windows/bin/../lib/gcc/avr/13.2.0/avr6\libgcc.a(_clear_bss.o)
                0x00000258                __do_clear_bss
 *(.init4)
 *(.init5)
 *(.init5)
 *(.init6)
 *(.init6)
 *(.init7)
 *(.init7)
 *(.init8)
 *(.init8)
 *(.init9)
 .init9         0x00000268        0x8 E:/Tools/toolchain/avr8-gnu-toolchain/avr-gcc-13.2.0-x64-windows/bin/../lib/gcc/avr/13.2.0/../../../../avr/lib/avr6/crtatmega2560.o
 *(.init9)
 *(.text)
 .text          0x00000270        0x4 E:/Tools/toolchain/avr8-gnu-toolchain/avr-gcc-13.2.0-x64-windows/bin/../lib/gcc/avr/13.2.0/../../../../avr/lib/avr6/crtatmega2560.o
                0x00000270                __vector_38
                0x00000270                __vector_22
                0x00000270                __vector_28
                0x00000270                __vector_1
                0x00000270                __vector_32
                0x00000270                __vector_34
                0x00000270                __vector_24
                0x00000270                __vector_12
                0x00000270                __vector_55
                0x00000270                __vector_46
                0x00000270                __bad_interrupt
                0x00000270                __vector_6
                0x00000270                __vector_31
                0x00000270                __vector_35
                0x00000270                __vector_39
                0x00000270                __vector_3
                0x00000270                __vector_30
                0x00000270                __vector_45
                0x00000270                __vector_25
                0x00000270                __vector_11
                0x00000270                __vector_54
                0x00000270                __vector_13
                0x00000270                __vector_17
                0x00000270                __vector_19
                0x00000270                __vector_56
                0x00000270                __vector_7
                0x00000270                __vector_49
                0x00000270                __vector_41
                0x00000270                __vector_43
                0x00000270                __vector_27
                0x00000270                __vector_5
                0x00000270                __vector_33
                0x00000270                __vector_47
                0x00000270                __vector_52
                0x00000270                __vector_37
                0x00000270                __vector_4
                0x00000270                __vector_44
                0x00000270                __vector_51
                0x00000270                __vector_9
                0x00000270                __vector_2
                0x00000270                __vector_21
                0x00000270                __vector_15
                0x00000270                __vector_36
                0x00000270                __vector_29
                0x00000270                __vector_40
                0x00000270                __vector_8
                0x00000270                __vector_26
                0x00000270                __vector_48
                0x00000270                __vector_14
                0x00000270                __vector_53
                0x00000270                __vector_10
                0x00000270                __vector_50
                0x00000270                __vector_16
                0x00000270                __vector_18
                0x00000270                __vector_20
                0x00000270                __vector_42
 .text          0x00000274       0x30 .\debug\obj/blink_arduino.cpp.o
                0x00000274                setup
                0x0000027c                loop
 .text          0x000002a4      0x1ca ..\ARL\debug\obj\ARL.a(wiring_digital.c.o)
                0x0000034e                pinMode
                0x000003c2                digitalWrite
                0x00000420                digitalRead
 .text          0x0000046e      0x240 ..\ARL\debug\obj\ARL.a(wiring.c.o)
                0x0000046e                __vector_23
                0x000004fe                millis
                0x00000516                micros
                0x00000560                delay
                0x000005d2                delayMicroseconds
                0x000005ea                init
 .text          0x000006ae        0xa ..\ARL\debug\obj\ARL.a(main.cpp.o)
                0x000006ae                atexit
                0x000006b4                initVariant
                0x000006b6                _Z8setupUSBv
 .text          0x000006b8        0x2 ..\ARL\debug\obj\ARL.a(hooks.c.o)
                0x000006b8                yield
 .text          0x000006ba        0x0 E:/Tools/toolchain/avr8-gnu-toolchain/avr-gcc-13.2.0-x64-windows/bin/../lib/gcc/avr/13.2.0/avr6\libgcc.a(_exit.o)
 .text          0x000006ba        0x0 E:/Tools/toolchain/avr8-gnu-toolchain/avr-gcc-13.2.0-x64-windows/bin/../lib/gcc/avr/13.2.0/avr6\libgcc.a(_tablejump2.o)
 .text          0x000006ba        0x0 E:/Tools/toolchain/avr8-gnu-toolchain/avr-gcc-13.2.0-x64-windows/bin/../lib/gcc/avr/13.2.0/avr6\libgcc.a(_clear_bss.o)
                0x000006ba                        . = ALIGN (0x2)
 *(.text.*)
 .text.startup  0x000006ba       0x1e ..\ARL\debug\obj\ARL.a(main.cpp.o)
                0x000006ba                main
 .text.libgcc.mul
                0x000006d8        0x0 E:/Tools/toolchain/avr8-gnu-toolchain/avr-gcc-13.2.0-x64-windows/bin/../lib/gcc/avr/13.2.0/avr6\libgcc.a(_exit.o)
 .text.libgcc.div
                0x000006d8        0x0 E:/Tools/toolchain/avr8-gnu-toolchain/avr-gcc-13.2.0-x64-windows/bin/../lib/gcc/avr/13.2.0/avr6\libgcc.a(_exit.o)
 .text.libgcc   0x000006d8        0x0 E:/Tools/toolchain/avr8-gnu-toolchain/avr-gcc-13.2.0-x64-windows/bin/../lib/gcc/avr/13.2.0/avr6\libgcc.a(_exit.o)
 .text.libgcc.prologue
                0x000006d8        0x0 E:/Tools/toolchain/avr8-gnu-toolchain/avr-gcc-13.2.0-x64-windows/bin/../lib/gcc/avr/13.2.0/avr6\libgcc.a(_exit.o)
 .text.libgcc.builtins
                0x000006d8        0x0 E:/Tools/toolchain/avr8-gnu-toolchain/avr-gcc-13.2.0-x64-windows/bin/../lib/gcc/avr/13.2.0/avr6\libgcc.a(_exit.o)
 .text.libgcc.fmul
                0x000006d8        0x0 E:/Tools/toolchain/avr8-gnu-toolchain/avr-gcc-13.2.0-x64-windows/bin/../lib/gcc/avr/13.2.0/avr6\libgcc.a(_exit.o)
 .text.libgcc.fixed
                0x000006d8        0x0 E:/Tools/toolchain/avr8-gnu-toolchain/avr-gcc-13.2.0-x64-windows/bin/../lib/gcc/avr/13.2.0/avr6\libgcc.a(_exit.o)
 .text.libgcc.mul
                0x000006d8        0x0 E:/Tools/toolchain/avr8-gnu-toolchain/avr-gcc-13.2.0-x64-windows/bin/../lib/gcc/avr/13.2.0/avr6\libgcc.a(_tablejump2.o)
 .text.libgcc.div
                0x000006d8        0x0 E:/Tools/toolchain/avr8-gnu-toolchain/avr-gcc-13.2.0-x64-windows/bin/../lib/gcc/avr/13.2.0/avr6\libgcc.a(_tablejump2.o)
 .text.libgcc   0x000006d8       0x10 E:/Tools/toolchain/avr8-gnu-toolchain/avr-gcc-13.2.0-x64-windows/bin/../lib/gcc/avr/13.2.0/avr6\libgcc.a(_tablejump2.o)
                0x000006d8                __tablejump2__
 .text.libgcc.prologue
                0x000006e8        0x0 E:/Tools/toolchain/avr8-gnu-toolchain/avr-gcc-13.2.0-x64-windows/bin/../lib/gcc/avr/13.2.0/avr6\libgcc.a(_tablejump2.o)
 .text.libgcc.builtins
                0x000006e8        0x0 E:/Tools/toolchain/avr8-gnu-toolchain/avr-gcc-13.2.0-x64-windows/bin/../lib/gcc/avr/13.2.0/avr6\libgcc.a(_tablejump2.o)
 .text.libgcc.fmul
                0x000006e8        0x0 E:/Tools/toolchain/avr8-gnu-toolchain/avr-gcc-13.2.0-x64-windows/bin/../lib/gcc/avr/13.2.0/avr6\libgcc.a(_tablejump2.o)
 .text.libgcc.fixed
                0x000006e8        0x0 E:/Tools/toolchain/avr8-gnu-toolchain/avr-gcc-13.2.0-x64-windows/bin/../lib/gcc/avr/13.2.0/avr6\libgcc.a(_tablejump2.o)
 .text.libgcc.mul
                0x000006e8        0x0 E:/Tools/toolchain/avr8-gnu-toolchain/avr-gcc-13.2.0-x64-windows/bin/../lib/gcc/avr/13.2.0/avr6\libgcc.a(_clear_bss.o)
 .text.libgcc.div
                0x000006e8        0x0 E:/Tools/toolchain/avr8-gnu-toolchain/avr-gcc-13.2.0-x64-windows/bin/../lib/gcc/avr/13.2.0/avr6\libgcc.a(_clear_bss.o)
 .text.libgcc   0x000006e8        0x0 E:/Tools/toolchain/avr8-gnu-toolchain/avr-gcc-13.2.0-x64-windows/bin/../lib/gcc/avr/13.2.0/avr6\libgcc.a(_clear_bss.o)
 .text.libgcc.prologue
                0x000006e8        0x0 E:/Tools/toolchain/avr8-gnu-toolchain/avr-gcc-13.2.0-x64-windows/bin/../lib/gcc/avr/13.2.0/avr6\libgcc.a(_clear_bss.o)
 .text.libgcc.builtins
                0x000006e8        0x0 E:/Tools/toolchain/avr8-gnu-toolchain/avr-gcc-13.2.0-x64-windows/bin/../lib/gcc/avr/13.2.0/avr6\libgcc.a(_clear_bss.o)
 .text.libgcc.fmul
                0x000006e8        0x0 E:/Tools/toolchain/avr8-gnu-toolchain/avr-gcc-13.2.0-x64-windows/bin/../lib/gcc/avr/13.2.0/avr6\libgcc.a(_clear_bss.o)
 .text.libgcc.fixed
                0x000006e8        0x0 E:/Tools/toolchain/avr8-gnu-toolchain/avr-gcc-13.2.0-x64-windows/bin/../lib/gcc/avr/13.2.0/avr6\libgcc.a(_clear_bss.o)
                0x000006e8                        . = ALIGN (0x2)
 *(.fini9)
 .fini9         0x000006e8        0x0 E:/Tools/toolchain/avr8-gnu-toolchain/avr-gcc-13.2.0-x64-windows/bin/../lib/gcc/avr/13.2.0/avr6\libgcc.a(_exit.o)
                0x000006e8                _exit
                0x000006e8                exit
 *(.fini9)
 *(.fini8)
 *(.fini8)
 *(.fini7)
 *(.fini7)
 *(.fini6)
 *(.fini6)
 *(.fini5)
 *(.fini5)
 *(.fini4)
 *(.fini4)
 *(.fini3)
 *(.fini3)
 *(.fini2)
 *(.fini2)
 *(.fini1)
 *(.fini1)
 *(.fini0)
 .fini0         0x000006e8        0x4 E:/Tools/toolchain/avr8-gnu-toolchain/avr-gcc-13.2.0-x64-windows/bin/../lib/gcc/avr/13.2.0/avr6\libgcc.a(_exit.o)
 *(.fini0)
 *(.hightext)
 *(.hightext*)
 *(.progmemx.*)
                0x000006ec                        . = ALIGN (0x2)
 *(.jumptables)
 *(.jumptables*)
 .jumptables.gcc.turnOffPWM
                0x000006ec       0x24 ..\ARL\debug\obj\ARL.a(wiring_digital.c.o)
                0x00000710                        _etext = .

.data           0x00800200        0x0 load address 0x00000710
                [!provide]                        PROVIDE (__data_start = .)
 *(.data)
 .data          0x00800200        0x0 E:/Tools/toolchain/avr8-gnu-toolchain/avr-gcc-13.2.0-x64-windows/bin/../lib/gcc/avr/13.2.0/../../../../avr/lib/avr6/crtatmega2560.o
 .data          0x00800200        0x0 .\debug\obj/blink_arduino.cpp.o
 .data          0x00800200        0x0 ..\ARL\debug\obj\ARL.a(wiring_digital.c.o)
 .data          0x00800200        0x0 ..\ARL\debug\obj\ARL.a(wiring.c.o)
 .data          0x00800200        0x0 ..\ARL\debug\obj\ARL.a(main.cpp.o)
 .data          0x00800200        0x0 ..\ARL\debug\obj\ARL.a(hooks.c.o)
 .data          0x00800200        0x0 E:/Tools/toolchain/avr8-gnu-toolchain/avr-gcc-13.2.0-x64-windows/bin/../lib/gcc/avr/13.2.0/avr6\libgcc.a(_exit.o)
 .data          0x00800200        0x0 E:/Tools/toolchain/avr8-gnu-toolchain/avr-gcc-13.2.0-x64-windows/bin/../lib/gcc/avr/13.2.0/avr6\libgcc.a(_tablejump2.o)
 .data          0x00800200        0x0 E:/Tools/toolchain/avr8-gnu-toolchain/avr-gcc-13.2.0-x64-windows/bin/../lib/gcc/avr/13.2.0/avr6\libgcc.a(_clear_bss.o)
 *(.data*)
 *(.gnu.linkonce.d*)
 *(.rodata)
 *(.rodata*)
 *(.gnu.linkonce.r*)
                0x00800200                        . = ALIGN (0x2)
                0x00800200                        _edata = .
                [!provide]                        PROVIDE (__data_end = .)

.bss            0x00800200        0x9
                0x00800200                        PROVIDE (__bss_start = .)
 *(.bss)
 .bss           0x00800200        0x0 E:/Tools/toolchain/avr8-gnu-toolchain/avr-gcc-13.2.0-x64-windows/bin/../lib/gcc/avr/13.2.0/../../../../avr/lib/avr6/crtatmega2560.o
 .bss           0x00800200        0x0 .\debug\obj/blink_arduino.cpp.o
 .bss           0x00800200        0x0 ..\ARL\debug\obj\ARL.a(wiring_digital.c.o)
 .bss           0x00800200        0x9 ..\ARL\debug\obj\ARL.a(wiring.c.o)
                0x00800200                timer0_millis
                0x00800204                timer0_overflow_count
 .bss           0x00800209        0x0 ..\ARL\debug\obj\ARL.a(main.cpp.o)
 .bss           0x00800209        0x0 ..\ARL\debug\obj\ARL.a(hooks.c.o)
 .bss           0x00800209        0x0 E:/Tools/toolchain/avr8-gnu-toolchain/avr-gcc-13.2.0-x64-windows/bin/../lib/gcc/avr/13.2.0/avr6\libgcc.a(_exit.o)
 .bss           0x00800209        0x0 E:/Tools/toolchain/avr8-gnu-toolchain/avr-gcc-13.2.0-x64-windows/bin/../lib/gcc/avr/13.2.0/avr6\libgcc.a(_tablejump2.o)
 .bss           0x00800209        0x0 E:/Tools/toolchain/avr8-gnu-toolchain/avr-gcc-13.2.0-x64-windows/bin/../lib/gcc/avr/13.2.0/avr6\libgcc.a(_clear_bss.o)
 *(.bss*)
 *(COMMON)
                0x00800209                        PROVIDE (__bss_end = .)
                0x00000710                        __data_load_start = LOADADDR (.data)
                0x00000710                        __data_load_end = (__data_load_start + SIZEOF (.data))

.noinit         0x00800209        0x0
                [!provide]                        PROVIDE (__noinit_start = .)
 *(.noinit .noinit.* .gnu.linkonce.n.*)
                [!provide]                        PROVIDE (__noinit_end = .)
                0x00800209                        _end = .
                [!provide]                        PROVIDE (__heap_start = .)

.eeprom         0x00810000        0x0
 *(.eeprom*)
                0x00810000                        __eeprom_end = .

.fuse
 *(.fuse)
 *(.lfuse)
 *(.hfuse)
 *(.efuse)

.lock
 *(.lock*)

.signature
 *(.signature*)

.stab
 *(.stab)

.stabstr
 *(.stabstr)

.stab.excl
 *(.stab.excl)

.stab.exclstr
 *(.stab.exclstr)

.stab.index
 *(.stab.index)

.stab.indexstr
 *(.stab.indexstr)

.comment        0x00000000       0x12
 *(.comment)
 .comment       0x00000000       0x12 .\debug\obj/blink_arduino.cpp.o
                                 0x13 (size before relaxing)
 .comment       0x00000012       0x13 ..\ARL\debug\obj\ARL.a(wiring_digital.c.o)
 .comment       0x00000012       0x13 ..\ARL\debug\obj\ARL.a(wiring.c.o)
 .comment       0x00000012       0x13 ..\ARL\debug\obj\ARL.a(main.cpp.o)
 .comment       0x00000012       0x13 ..\ARL\debug\obj\ARL.a(hooks.c.o)

.note.gnu.avr.deviceinfo
                0x00000000       0x40
 .note.gnu.avr.deviceinfo
                0x00000000       0x40 E:/Tools/toolchain/avr8-gnu-toolchain/avr-gcc-13.2.0-x64-windows/bin/../lib/gcc/avr/13.2.0/../../../../avr/lib/avr6/crtatmega2560.o

.gnu.build.attributes
 *(.gnu.build.attributes .gnu.build.attributes.*)

.note.gnu.build-id
 *(.note.gnu.build-id)

.debug
 *(.debug)

.line
 *(.line)

.debug_srcinfo
 *(.debug_srcinfo)

.debug_sfnames
 *(.debug_sfnames)

.debug_aranges  0x00000000      0x108
 *(.debug_aranges)
 .debug_aranges
                0x00000000       0x20 .\debug\obj/blink_arduino.cpp.o
 .debug_aranges
                0x00000020       0x20 ..\ARL\debug\obj\ARL.a(wiring_digital.c.o)
 .debug_aranges
                0x00000040       0x20 ..\ARL\debug\obj\ARL.a(wiring.c.o)
 .debug_aranges
                0x00000060       0x28 ..\ARL\debug\obj\ARL.a(main.cpp.o)
 .debug_aranges
                0x00000088       0x20 ..\ARL\debug\obj\ARL.a(hooks.c.o)
 .debug_aranges
                0x000000a8       0x20 E:/Tools/toolchain/avr8-gnu-toolchain/avr-gcc-13.2.0-x64-windows/bin/../lib/gcc/avr/13.2.0/avr6\libgcc.a(_exit.o)
 .debug_aranges
                0x000000c8       0x20 E:/Tools/toolchain/avr8-gnu-toolchain/avr-gcc-13.2.0-x64-windows/bin/../lib/gcc/avr/13.2.0/avr6\libgcc.a(_tablejump2.o)
 .debug_aranges
                0x000000e8       0x20 E:/Tools/toolchain/avr8-gnu-toolchain/avr-gcc-13.2.0-x64-windows/bin/../lib/gcc/avr/13.2.0/avr6\libgcc.a(_clear_bss.o)

.debug_pubnames
 *(.debug_pubnames)

.debug_info     0x00000000     0x1b4b
 *(.debug_info .gnu.linkonce.wi.*)
 .debug_info    0x00000000      0xbbc E:/Tools/toolchain/avr8-gnu-toolchain/avr-gcc-13.2.0-x64-windows/bin/../lib/gcc/avr/13.2.0/../../../../avr/lib/avr6/crtatmega2560.o
 .debug_info    0x00000bbc      0x28f .\debug\obj/blink_arduino.cpp.o
 .debug_info    0x00000e4b      0x6f8 ..\ARL\debug\obj\ARL.a(wiring_digital.c.o)
 .debug_info    0x00001543      0x304 ..\ARL\debug\obj\ARL.a(wiring.c.o)
 .debug_info    0x00001847      0x25f ..\ARL\debug\obj\ARL.a(main.cpp.o)
 .debug_info    0x00001aa6       0x39 ..\ARL\debug\obj\ARL.a(hooks.c.o)
 .debug_info    0x00001adf       0x24 E:/Tools/toolchain/avr8-gnu-toolchain/avr-gcc-13.2.0-x64-windows/bin/../lib/gcc/avr/13.2.0/avr6\libgcc.a(_exit.o)
 .debug_info    0x00001b03       0x24 E:/Tools/toolchain/avr8-gnu-toolchain/avr-gcc-13.2.0-x64-windows/bin/../lib/gcc/avr/13.2.0/avr6\libgcc.a(_tablejump2.o)
 .debug_info    0x00001b27       0x24 E:/Tools/toolchain/avr8-gnu-toolchain/avr-gcc-13.2.0-x64-windows/bin/../lib/gcc/avr/13.2.0/avr6\libgcc.a(_clear_bss.o)

.debug_abbrev   0x00000000     0x10ab
 *(.debug_abbrev)
 .debug_abbrev  0x00000000      0xb1a E:/Tools/toolchain/avr8-gnu-toolchain/avr-gcc-13.2.0-x64-windows/bin/../lib/gcc/avr/13.2.0/../../../../avr/lib/avr6/crtatmega2560.o
 .debug_abbrev  0x00000b1a       0xf7 .\debug\obj/blink_arduino.cpp.o
 .debug_abbrev  0x00000c11      0x1b8 ..\ARL\debug\obj\ARL.a(wiring_digital.c.o)
 .debug_abbrev  0x00000dc9      0x15e ..\ARL\debug\obj\ARL.a(wiring.c.o)
 .debug_abbrev  0x00000f27      0x11f ..\ARL\debug\obj\ARL.a(main.cpp.o)
 .debug_abbrev  0x00001046       0x29 ..\ARL\debug\obj\ARL.a(hooks.c.o)
 .debug_abbrev  0x0000106f       0x14 E:/Tools/toolchain/avr8-gnu-toolchain/avr-gcc-13.2.0-x64-windows/bin/../lib/gcc/avr/13.2.0/avr6\libgcc.a(_exit.o)
 .debug_abbrev  0x00001083       0x14 E:/Tools/toolchain/avr8-gnu-toolchain/avr-gcc-13.2.0-x64-windows/bin/../lib/gcc/avr/13.2.0/avr6\libgcc.a(_tablejump2.o)
 .debug_abbrev  0x00001097       0x14 E:/Tools/toolchain/avr8-gnu-toolchain/avr-gcc-13.2.0-x64-windows/bin/../lib/gcc/avr/13.2.0/avr6\libgcc.a(_clear_bss.o)

.debug_line     0x00000000      0xdb8
 *(.debug_line .debug_line.* .debug_line_end)
 .debug_line    0x00000000       0x1d E:/Tools/toolchain/avr8-gnu-toolchain/avr-gcc-13.2.0-x64-windows/bin/../lib/gcc/avr/13.2.0/../../../../avr/lib/avr6/crtatmega2560.o
 .debug_line    0x0000001d       0xcb .\debug\obj/blink_arduino.cpp.o
 .debug_line    0x000000e8      0x60f ..\ARL\debug\obj\ARL.a(wiring_digital.c.o)
 .debug_line    0x000006f7      0x40e ..\ARL\debug\obj\ARL.a(wiring.c.o)
 .debug_line    0x00000b05      0x124 ..\ARL\debug\obj\ARL.a(main.cpp.o)
 .debug_line    0x00000c29       0x54 ..\ARL\debug\obj\ARL.a(hooks.c.o)
 .debug_line    0x00000c7d       0x51 E:/Tools/toolchain/avr8-gnu-toolchain/avr-gcc-13.2.0-x64-windows/bin/../lib/gcc/avr/13.2.0/avr6\libgcc.a(_exit.o)
 .debug_line    0x00000cce       0x75 E:/Tools/toolchain/avr8-gnu-toolchain/avr-gcc-13.2.0-x64-windows/bin/../lib/gcc/avr/13.2.0/avr6\libgcc.a(_tablejump2.o)
 .debug_line    0x00000d43       0x75 E:/Tools/toolchain/avr8-gnu-toolchain/avr-gcc-13.2.0-x64-windows/bin/../lib/gcc/avr/13.2.0/avr6\libgcc.a(_clear_bss.o)

.debug_frame    0x00000000      0x1e0
 *(.debug_frame)
 .debug_frame   0x00000000       0x34 .\debug\obj/blink_arduino.cpp.o
 .debug_frame   0x00000034       0x7c ..\ARL\debug\obj\ARL.a(wiring_digital.c.o)
 .debug_frame   0x000000b0       0xb8 ..\ARL\debug\obj\ARL.a(wiring.c.o)
 .debug_frame   0x00000168       0x54 ..\ARL\debug\obj\ARL.a(main.cpp.o)
 .debug_frame   0x000001bc       0x24 ..\ARL\debug\obj\ARL.a(hooks.c.o)

.debug_str      0x00000000      0x7b3
 *(.debug_str)
 .debug_str     0x00000000      0x3e9 E:/Tools/toolchain/avr8-gnu-toolchain/avr-gcc-13.2.0-x64-windows/bin/../lib/gcc/avr/13.2.0/../../../../avr/lib/avr6/crtatmega2560.o
 .debug_str     0x000003e9      0x3ca .\debug\obj/blink_arduino.cpp.o
                                0x1ae (size before relaxing)
 .debug_str     0x000007b3      0x1be ..\ARL\debug\obj\ARL.a(wiring_digital.c.o)
 .debug_str     0x000007b3      0x16a ..\ARL\debug\obj\ARL.a(wiring.c.o)
 .debug_str     0x000007b3      0x1e9 ..\ARL\debug\obj\ARL.a(main.cpp.o)
 .debug_str     0x000007b3       0x60 ..\ARL\debug\obj\ARL.a(hooks.c.o)
 .debug_str     0x000007b3       0x68 E:/Tools/toolchain/avr8-gnu-toolchain/avr-gcc-13.2.0-x64-windows/bin/../lib/gcc/avr/13.2.0/avr6\libgcc.a(_exit.o)
 .debug_str     0x000007b3       0x68 E:/Tools/toolchain/avr8-gnu-toolchain/avr-gcc-13.2.0-x64-windows/bin/../lib/gcc/avr/13.2.0/avr6\libgcc.a(_tablejump2.o)
 .debug_str     0x000007b3       0x68 E:/Tools/toolchain/avr8-gnu-toolchain/avr-gcc-13.2.0-x64-windows/bin/../lib/gcc/avr/13.2.0/avr6\libgcc.a(_clear_bss.o)

.debug_loc
 *(.debug_loc)

.debug_macinfo
 *(.debug_macinfo)

.debug_weaknames
 *(.debug_weaknames)

.debug_funcnames
 *(.debug_funcnames)

.debug_typenames
 *(.debug_typenames)

.debug_varnames
 *(.debug_varnames)

.debug_pubtypes
 *(.debug_pubtypes)

.debug_ranges
 *(.debug_ranges)

.debug_addr
 *(.debug_addr)

.debug_line_str
                0x00000000      0x240
 *(.debug_line_str)
 .debug_line_str
                0x00000000      0x240 .\debug\obj/blink_arduino.cpp.o
                                0x15e (size before relaxing)
 .debug_line_str
                0x00000240      0x13c ..\ARL\debug\obj\ARL.a(wiring_digital.c.o)
 .debug_line_str
                0x00000240      0x124 ..\ARL\debug\obj\ARL.a(wiring.c.o)
 .debug_line_str
                0x00000240      0x13e ..\ARL\debug\obj\ARL.a(main.cpp.o)
 .debug_line_str
                0x00000240       0x9e ..\ARL\debug\obj\ARL.a(hooks.c.o)
 .debug_line_str
                0x00000240       0x5c E:/Tools/toolchain/avr8-gnu-toolchain/avr-gcc-13.2.0-x64-windows/bin/../lib/gcc/avr/13.2.0/avr6\libgcc.a(_exit.o)
 .debug_line_str
                0x00000240       0x5c E:/Tools/toolchain/avr8-gnu-toolchain/avr-gcc-13.2.0-x64-windows/bin/../lib/gcc/avr/13.2.0/avr6\libgcc.a(_tablejump2.o)
 .debug_line_str
                0x00000240       0x5c E:/Tools/toolchain/avr8-gnu-toolchain/avr-gcc-13.2.0-x64-windows/bin/../lib/gcc/avr/13.2.0/avr6\libgcc.a(_clear_bss.o)

.debug_loclists
                0x00000000      0x5c7
 *(.debug_loclists)
 .debug_loclists
                0x00000000      0x472 ..\ARL\debug\obj\ARL.a(wiring_digital.c.o)
 .debug_loclists
                0x00000472      0x155 ..\ARL\debug\obj\ARL.a(wiring.c.o)

.debug_macro
 *(.debug_macro)

.debug_names
 *(.debug_names)

.debug_rnglists
                0x00000000       0x3b
 *(.debug_rnglists)
 .debug_rnglists
                0x00000000       0x22 ..\ARL\debug\obj\ARL.a(wiring_digital.c.o)
 .debug_rnglists
                0x00000022       0x19 ..\ARL\debug\obj\ARL.a(main.cpp.o)

.debug_str_offsets
 *(.debug_str_offsets)

.debug_sup
 *(.debug_sup)
OUTPUT(.\debug\obj\blink_mega2560.elf elf32-avr)
LOAD linker stubs
